mode: set
github.com/cnoe-io/idpbuilder/pkg/controllers/crd.go:22.89,24.16 2 0
github.com/cnoe-io/idpbuilder/pkg/controllers/crd.go:24.16,26.3 1 0
github.com/cnoe-io/idpbuilder/pkg/controllers/crd.go:28.2,28.63 1 0
github.com/cnoe-io/idpbuilder/pkg/controllers/crd.go:31.112,36.9 3 0
github.com/cnoe-io/idpbuilder/pkg/controllers/crd.go:36.9,38.3 1 0
github.com/cnoe-io/idpbuilder/pkg/controllers/crd.go:39.2,45.9 3 0
github.com/cnoe-io/idpbuilder/pkg/controllers/crd.go:46.33,47.53 1 0
github.com/cnoe-io/idpbuilder/pkg/controllers/crd.go:47.53,50.4 2 0
github.com/cnoe-io/idpbuilder/pkg/controllers/crd.go:51.18,53.13 2 0
github.com/cnoe-io/idpbuilder/pkg/controllers/crd.go:54.10,56.52 2 0
github.com/cnoe-io/idpbuilder/pkg/controllers/crd.go:56.52,59.4 2 0
github.com/cnoe-io/idpbuilder/pkg/controllers/crd.go:63.2,63.6 1 0
github.com/cnoe-io/idpbuilder/pkg/controllers/crd.go:63.6,68.17 1 0
github.com/cnoe-io/idpbuilder/pkg/controllers/crd.go:68.17,71.4 2 0
github.com/cnoe-io/idpbuilder/pkg/controllers/crd.go:72.3,73.49 2 0
github.com/cnoe-io/idpbuilder/pkg/controllers/crd.go:73.49,74.48 1 0
github.com/cnoe-io/idpbuilder/pkg/controllers/crd.go:74.48,75.53 1 0
github.com/cnoe-io/idpbuilder/pkg/controllers/crd.go:75.53,77.6 1 0
github.com/cnoe-io/idpbuilder/pkg/controllers/crd.go:80.3,80.21 1 0
github.com/cnoe-io/idpbuilder/pkg/controllers/crd.go:80.21,81.9 1 0
github.com/cnoe-io/idpbuilder/pkg/controllers/crd.go:82.9,84.4 1 0
github.com/cnoe-io/idpbuilder/pkg/controllers/crd.go:85.3,85.61 1 0
github.com/cnoe-io/idpbuilder/pkg/controllers/crd.go:87.2,87.12 1 0
github.com/cnoe-io/idpbuilder/pkg/controllers/crd.go:90.112,92.16 2 0
github.com/cnoe-io/idpbuilder/pkg/controllers/crd.go:92.16,94.3 1 0
github.com/cnoe-io/idpbuilder/pkg/controllers/crd.go:96.2,96.34 1 0
github.com/cnoe-io/idpbuilder/pkg/controllers/crd.go:96.34,97.64 1 0
github.com/cnoe-io/idpbuilder/pkg/controllers/crd.go:97.64,99.4 1 0
github.com/cnoe-io/idpbuilder/pkg/controllers/crd.go:102.2,102.12 1 0
github.com/cnoe-io/idpbuilder/pkg/controllers/run.go:32.9,47.39 3 0
github.com/cnoe-io/idpbuilder/pkg/controllers/run.go:47.39,50.3 2 0
github.com/cnoe-io/idpbuilder/pkg/controllers/run.go:52.2,61.16 2 0
github.com/cnoe-io/idpbuilder/pkg/controllers/run.go:61.16,63.3 1 0
github.com/cnoe-io/idpbuilder/pkg/controllers/run.go:65.2,72.16 2 0
github.com/cnoe-io/idpbuilder/pkg/controllers/run.go:72.16,74.3 1 0
github.com/cnoe-io/idpbuilder/pkg/controllers/run.go:77.2,80.39 1 0
github.com/cnoe-io/idpbuilder/pkg/controllers/run.go:80.39,83.3 2 0
github.com/cnoe-io/idpbuilder/pkg/controllers/run.go:86.2,90.39 1 0
github.com/cnoe-io/idpbuilder/pkg/controllers/run.go:90.39,93.3 2 0
github.com/cnoe-io/idpbuilder/pkg/controllers/run.go:96.2,100.39 1 0
github.com/cnoe-io/idpbuilder/pkg/controllers/run.go:100.39,103.3 2 0
github.com/cnoe-io/idpbuilder/pkg/controllers/run.go:106.2,109.39 1 0
github.com/cnoe-io/idpbuilder/pkg/controllers/run.go:109.39,112.3 2 0
github.com/cnoe-io/idpbuilder/pkg/controllers/run.go:115.2,117.12 2 0
github.com/cnoe-io/idpbuilder/pkg/controllers/run.go:117.12,120.3 2 0
github.com/cnoe-io/idpbuilder/pkg/controllers/run.go:122.2,122.12 1 0
